
> beidar@3.0.0 build
> vite build

[36mvite v8.0.3 [32mbuilding client environment for production...[36m[39m
[2K
transforming...✓ 2174 modules transformed.
✗ Build failed in 2.87s
error during build:
Build failed with 1 error:

[plugin vite:esbuild-transpile]
Error: Failed to load `transformWithEsbuild`. It is deprecated and it now requires esbuild to be installed separately. If you are a package author, please migrate to `transformWithOxc` instead.
    at transformWithEsbuild (file:///E:/projects/bard/frontend/node_modules/vite/dist/node/chunks/node.js:2652:9)
    at async PluginContextImpl.renderChunk (file:///E:/projects/bard/frontend/node_modules/vite/dist/node/chunks/node.js:2704:16)
    at async plugin (file:///E:/projects/bard/frontend/node_modules/rolldown/dist/shared/bindingify-input-options-e7ze4hPR.mjs:1234:16)
    at async plugin.<computed> (file:///E:/projects/bard/frontend/node_modules/rolldown/dist/shared/bindingify-input-options-e7ze4hPR.mjs:1593:12)
Caused by:
  Error: Cannot find package 'esbuild' imported from E:\projects\bard\frontend\node_modules\vite\dist\node\chunks\node.js
  Error [ERR_MODULE_NOT_FOUND]: Cannot find package 'esbuild' imported from E:\projects\bard\frontend\node_modules\vite\dist\node\chunks\node.js
      at Object.getPackageJSONURL (node:internal/modules/package_json_reader:314:9)
      at packageResolve (node:internal/modules/esm/resolve:768:81)
      at moduleResolve (node:internal/modules/esm/resolve:855:18)
      at defaultResolve (node:internal/modules/esm/resolve:985:11)
      at #cachedDefaultResolve (node:internal/modules/esm/loader:731:20)
      at ModuleLoader.resolve (node:internal/modules/esm/loader:708:38)
      at ModuleLoader.getModuleJobForImport (node:internal/modules/esm/loader:310:38)
      at onImport.tracePromise.__proto__ (node:internal/modules/esm/loader:664:36)
      at TracingChannel.tracePromise (node:diagnostics_channel:350:14)
      at ModuleLoader.import (node:internal/modules/esm/loader:663:21)
    at aggregateBindingErrorsIntoJsError (file:///E:/projects/bard/frontend/node_modules/rolldown/dist/shared/error-BLhcSyeg.mjs:48:18)
    at unwrapBindingResult (file:///E:/projects/bard/frontend/node_modules/rolldown/dist/shared/error-BLhcSyeg.mjs:18:128)
    at #build (file:///E:/projects/bard/frontend/node_modules/rolldown/dist/shared/rolldown-build-CPrIX9V6.mjs:3313:34)
    at async buildEnvironment (file:///E:/projects/bard/frontend/node_modules/vite/dist/node/chunks/node.js:32849:64)
    at async Object.build (file:///E:/projects/bard/frontend/node_modules/vite/dist/node/chunks/node.js:33271:19)
    at async Object.buildApp (file:///E:/projects/bard/frontend/node_modules/vite/dist/node/chunks/node.js:33268:153)
    at async CAC.<anonymous> (file:///E:/projects/bard/frontend/node_modules/vite/dist/node/cli.js:778:3) {
  errors: [Getter/Setter]
}
